<html>
<body>
<pre>
<h1>µVision Build Log</h1>
<h2>Project:</h2>
E:\STM32\Practice\ÊýÂë¹Ü_1\USER\SMG_1.uvproj
Project File Date:  10/19/2012

<h2>Output:</h2>
Build target 'Target 1'
compiling 74h595.c...
..\HARDWARE\74H595\74h595.c(28): error:  #20: identifier "i" is undefined
..\HARDWARE\74H595\74h595.c:     for(i=0;i<8;i++)
..\HARDWARE\74H595\74h595.c:         ^
..\HARDWARE\74H595\74h595.c(40): error:  #20: identifier "dat" is undefined
..\HARDWARE\74H595\74h595.c:             dat<<=1;
..\HARDWARE\74H595\74h595.c:             ^
..\HARDWARE\74H595\74h595.c: ..\HARDWARE\74H595\74h595.c: 0 warnings, 2 errors
compiling SMG_1.c...
Target not created
Build target 'Target 1'
compiling 74h595.c...
..\HARDWARE\74H595\74h595.c(41): error:  #20: identifier "dat" is undefined
..\HARDWARE\74H595\74h595.c:             dat<<=1;
..\HARDWARE\74H595\74h595.c:             ^
..\HARDWARE\74H595\74h595.c: ..\HARDWARE\74H595\74h595.c: 0 warnings, 1 error
Target not created
Build target 'Target 1'
compiling 74h595.c...
linking...
Program Size: Code=3308 RO-data=268 RW-data=20 ZI-data=612  
FromELF: creating hex file...
"SMG_1.axf" - 0 Error(s), 0 Warning(s).
Build target 'Target 1'
compiling SMG_1.c...
SMG_1.c(22): error:  #20: identifier "i" is undefined
SMG_1.c:                for(i=0;i<16;i++)               
SMG_1.c:                    ^
SMG_1.c(25): warning:  #223-D: function "delay" declared implicitly
SMG_1.c:                        delay(500);
SMG_1.c:                        ^
SMG_1.c: SMG_1.c: 1 warning, 1 error
Target not created
Build target 'Target 1'
compiling SMG_1.c...
linking...
Program Size: Code=3304 RO-data=268 RW-data=20 ZI-data=612  
FromELF: creating hex file...
"SMG_1.axf" - 0 Error(s), 0 Warning(s).
Build target 'Target 1'
compiling 74h595.c...
linking...
Program Size: Code=3332 RO-data=268 RW-data=20 ZI-data=612  
FromELF: creating hex file...
"SMG_1.axf" - 0 Error(s), 0 Warning(s).
